[    0.000000] Initializing cgroup subsys cpuset
[    0.000000] Initializing cgroup subsys cpu
[    0.000000] Initializing cgroup subsys cpuacct
[    0.000000] Linux version 4.4.0-135-generic (buildd@lcy01-amd64-020) (gcc version 5.4.0 20160609 (Ubuntu 5.4.0-6ubuntu1~16.04.10) ) #161-Ubuntu SMP Mon Aug 27 10:45:01 UTC 2018 (Ubuntu 4.4.0-135.161-generic 4.4.140)
[    0.000000] Command line: BOOT_IMAGE=/boot/vmlinuz-4.4.0-135-generic root=LABEL=cloudimg-rootfs ro console=tty1 console=ttyS0
[    0.000000] KERNEL supported cpus:
[    0.000000]   Intel GenuineIntel
[    0.000000]   AMD AuthenticAMD
[    0.000000]   Centaur CentaurHauls
[    0.000000] ------------[ cut here ]------------
[    0.000000] WARNING: CPU: 0 PID: 0 at /build/linux-QkG4Jc/linux-4.4.0/arch/x86/kernel/fpu/xstate.c:517 fpu__init_system_xstate+0x38a/0x759()
[    0.000000] XSAVE consistency problem, dumping leaves
[    0.000000] Modules linked in:
[    0.000000] CPU: 0 PID: 0 Comm: swapper Not tainted 4.4.0-135-generic #161-Ubuntu
[    0.000000]  0000000000000086 c18dabecd294fa6b ffffffff81e03d70 ffffffff814039f3
[    0.000000]  ffffffff81e03db8 ffffffff81cad1e8 ffffffff81e03da8 ffffffff81084982
[    0.000000]  ffffffff81e03e38 ffffffff81e03e3c 0000000000000008 0000000000000100
[    0.000000] Call Trace:
[    0.000000]  [<ffffffff814039f3>] dump_stack+0x63/0x90
[    0.000000]  [<ffffffff81084982>] warn_slowpath_common+0x82/0xc0
[    0.000000]  [<ffffffff81084a1c>] warn_slowpath_fmt+0x5c/0x80
[    0.000000]  [<ffffffff8108051b>] ? xfeature_size+0x59/0x77
[    0.000000]  [<ffffffff81f731d1>] fpu__init_system_xstate+0x38a/0x759
[    0.000000]  [<ffffffff81f63120>] ? early_idt_handler_array+0x120/0x120
[    0.000000]  [<ffffffff81f72bce>] fpu__init_system+0x1e7/0x28e
[    0.000000]  [<ffffffff81f73d88>] early_cpu_init+0x1fb/0x201
[    0.000000]  [<ffffffff81f73d88>] ? early_cpu_init+0x1fb/0x201
[    0.000000]  [<ffffffff81f6f17d>] setup_arch+0xc0/0xd1f
[    0.000000]  [<ffffffff81f63120>] ? early_idt_handler_array+0x120/0x120
[    0.000000]  [<ffffffff81f63c75>] start_kernel+0xe2/0x4a4
[    0.000000]  [<ffffffff81f63120>] ? early_idt_handler_array+0x120/0x120
[    0.000000]  [<ffffffff81f63339>] x86_64_start_reservations+0x2a/0x2c
[    0.000000]  [<ffffffff81f63485>] x86_64_start_kernel+0x14a/0x16d
[    0.000000] ---[ end trace 4d5ff9f2f68c4233 ]---
[    0.000000] CPUID[0d, 00]: eax=00000007 ebx=00000440 ecx=00000440 edx=00000000
[    0.000000] CPUID[0d, 01]: eax=00000000 ebx=000003c0 ecx=00000000 edx=00000000
[    0.000000] CPUID[0d, 02]: eax=00000100 ebx=00000240 ecx=00000000 edx=00000000
[    0.000000] CPUID[0d, 03]: eax=00000000 ebx=00000000 ecx=00000000 edx=00000000
[    0.000000] CPUID[0d, 04]: eax=00000000 ebx=00000000 ecx=00000000 edx=00000000
[    0.000000] CPUID[0d, 05]: eax=00000000 ebx=00000000 ecx=00000000 edx=00000000
[    0.000000] CPUID[0d, 06]: eax=00000000 ebx=00000000 ecx=00000000 edx=00000000
[    0.000000] CPUID[0d, 07]: eax=00000000 ebx=00000000 ecx=00000000 edx=00000000
[    0.000000] CPUID[0d, 08]: eax=00000000 ebx=00000000 ecx=00000000 edx=00000000
[    0.000000] CPUID[0d, 09]: eax=00000000 ebx=00000000 ecx=00000000 edx=00000000
[    0.000000] CPUID[0d, 0a]: eax=00000000 ebx=00000000 ecx=00000000 edx=00000000
[    0.000000] CPUID[0d, 0b]: eax=00000000 ebx=00000000 ecx=00000000 edx=00000000
[    0.000000] CPUID[0d, 0c]: eax=00000000 ebx=00000000 ecx=00000000 edx=00000000
[    0.000000] CPUID[0d, 0d]: eax=00000000 ebx=00000000 ecx=00000000 edx=00000000
[    0.000000] CPUID[0d, 0e]: eax=00000000 ebx=00000000 ecx=00000000 edx=00000000
[    0.000000] CPUID[0d, 0f]: eax=00000000 ebx=00000000 ecx=00000000 edx=00000000
[    0.000000] CPUID[0d, 10]: eax=00000000 ebx=00000000 ecx=00000000 edx=00000000
[    0.000000] CPUID[0d, 11]: eax=00000000 ebx=00000000 ecx=00000000 edx=00000000
[    0.000000] x86/fpu: xstate_offset[2]:  576, xstate_sizes[2]:  256
[    0.000000] x86/fpu: Supporting XSAVE feature 0x01: 'x87 floating point registers'
[    0.000000] x86/fpu: Supporting XSAVE feature 0x02: 'SSE registers'
[    0.000000] x86/fpu: Supporting XSAVE feature 0x04: 'AVX registers'
[    0.000000] x86/fpu: Enabled xstate features 0x7, context size is 1088 bytes, using 'standard' format.
[    0.000000] e820: BIOS-provided physical RAM map:
[    0.000000] BIOS-e820: [mem 0x0000000000000000-0x000000000009fbff] usable
[    0.000000] BIOS-e820: [mem 0x000000000009fc00-0x000000000009ffff] reserved
[    0.000000] BIOS-e820: [mem 0x00000000000f0000-0x00000000000fffff] reserved
[    0.000000] BIOS-e820: [mem 0x0000000000100000-0x000000003ffeffff] usable
[    0.000000] BIOS-e820: [mem 0x000000003fff0000-0x000000003fffffff] ACPI data
[    0.000000] BIOS-e820: [mem 0x00000000fec00000-0x00000000fec00fff] reserved
[    0.000000] BIOS-e820: [mem 0x00000000fee00000-0x00000000fee00fff] reserved
[    0.000000] BIOS-e820: [mem 0x00000000fffc0000-0x00000000ffffffff] reserved
[    0.000000] NX (Execute Disable) protection: active
[    0.000000] SMBIOS 2.5 present.
[    0.000000] Hypervisor detected: KVM
[    0.000000] e820: last_pfn = 0x3fff0 max_arch_pfn = 0x400000000
[    0.000000] MTRR: Disabled
[    0.000000] x86/PAT: MTRRs disabled, skipping PAT initialization too.
[    0.000000] CPU MTRRs all blank - virtualized system.
[    0.000000] x86/PAT: Configuration [0-7]: WB  WT  UC- UC  WB  WT  UC- UC  
[    0.000000] found SMP MP-table at [mem 0x0009fff0-0x0009ffff] mapped at [ffff88000009fff0]
[    0.000000] Scanning 1 areas for low memory corruption
[    0.000000] RAMDISK: [mem 0x36308000-0x3717bfff]
[    0.000000] ACPI: Early table checksum verification disabled
[    0.000000] ACPI: RSDP 0x00000000000E0000 000024 (v02 VBOX  )
[    0.000000] ACPI: XSDT 0x000000003FFF0030 00003C (v01 VBOX   VBOXXSDT 00000001 ASL  00000061)
[    0.000000] ACPI: FACP 0x000000003FFF00F0 0000F4 (v04 VBOX   VBOXFACP 00000001 ASL  00000061)
[    0.000000] ACPI: DSDT 0x000000003FFF0470 0021FF (v02 VBOX   VBOXBIOS 00000002 INTL 20160108)
[    0.000000] ACPI: FACS 0x000000003FFF0200 000040
[    0.000000] ACPI: FACS 0x000000003FFF0200 000040
[    0.000000] ACPI: APIC 0x000000003FFF0240 00005C (v02 VBOX   VBOXAPIC 00000001 ASL  00000061)
[    0.000000] ACPI: SSDT 0x000000003FFF02A0 0001CC (v01 VBOX   VBOXCPUT 00000002 INTL 20160108)
[    0.000000] No NUMA configuration found
[    0.000000] Faking a node at [mem 0x0000000000000000-0x000000003ffeffff]
[    0.000000] NODE_DATA(0) allocated [mem 0x3ffeb000-0x3ffeffff]
[    0.000000] kvm-clock: Using msrs 4b564d01 and 4b564d00
[    0.000000] kvm-clock: cpu 0, msr 0:3ffe3001, primary cpu clock
[    0.000000] kvm-clock: using sched offset of 3053260032 cycles
[    0.000000] clocksource: kvm-clock: mask: 0xffffffffffffffff max_cycles: 0x1cd42e4dffb, max_idle_ns: 881590591483 ns
[    0.000000] Zone ranges:
[    0.000000]   DMA      [mem 0x0000000000001000-0x0000000000ffffff]
[    0.000000]   DMA32    [mem 0x0000000001000000-0x000000003ffeffff]
[    0.000000]   Normal   empty
[    0.000000]   Device   empty
[    0.000000] Movable zone start for each node
[    0.000000] Early memory node ranges
[    0.000000]   node   0: [mem 0x0000000000001000-0x000000000009efff]
[    0.000000]   node   0: [mem 0x0000000000100000-0x000000003ffeffff]
[    0.000000] Initmem setup node 0 [mem 0x0000000000001000-0x000000003ffeffff]
[    0.000000] ACPI: PM-Timer IO Port: 0x4008
[    0.000000] IOAPIC[0]: apic_id 2, version 32, address 0xfec00000, GSI 0-23
[    0.000000] ACPI: INT_SRC_OVR (bus 0 bus_irq 0 global_irq 2 dfl dfl)
[    0.000000] ACPI: INT_SRC_OVR (bus 0 bus_irq 9 global_irq 9 high level)
[    0.000000] Using ACPI (MADT) for SMP configuration information
[    0.000000] smpboot: Allowing 2 CPUs, 0 hotplug CPUs
[    0.000000] PM: Registered nosave memory: [mem 0x00000000-0x00000fff]
[    0.000000] PM: Registered nosave memory: [mem 0x0009f000-0x0009ffff]
[    0.000000] PM: Registered nosave memory: [mem 0x000a0000-0x000effff]
[    0.000000] PM: Registered nosave memory: [mem 0x000f0000-0x000fffff]
[    0.000000] e820: [mem 0x40000000-0xfebfffff] available for PCI devices
[    0.000000] Booting paravirtualized kernel on KVM
[    0.000000] clocksource: refined-jiffies: mask: 0xffffffff max_cycles: 0xffffffff, max_idle_ns: 7645519600211568 ns
[    0.000000] setup_percpu: NR_CPUS:512 nr_cpumask_bits:512 nr_cpu_ids:2 nr_node_ids:1
[    0.000000] PERCPU: Embedded 34 pages/cpu @ffff88003fc00000 s99544 r8192 d31528 u1048576
[    0.000000] PV qspinlock hash table entries: 256 (order: 0, 4096 bytes)
[    0.000000] Built 1 zonelists in Node order, mobility grouping on.  Total pages: 257912
[    0.000000] Policy zone: DMA32
[    0.000000] Kernel command line: BOOT_IMAGE=/boot/vmlinuz-4.4.0-135-generic root=LABEL=cloudimg-rootfs ro console=tty1 console=ttyS0
[    0.000000] PID hash table entries: 4096 (order: 3, 32768 bytes)
[    0.000000] Memory: 997716K/1048120K available (8554K kernel code, 1314K rwdata, 4004K rodata, 1516K init, 1316K bss, 50404K reserved, 0K cma-reserved)
[    0.000000] SLUB: HWalign=64, Order=0-3, MinObjects=0, CPUs=2, Nodes=1
[    0.000000] Kernel/User page tables isolation: enabled
[    0.000000] Hierarchical RCU implementation.
[    0.000000] 	Build-time adjustment of leaf fanout to 64.
[    0.000000] 	RCU restricting CPUs from NR_CPUS=512 to nr_cpu_ids=2.
[    0.000000] RCU: Adjusting geometry for rcu_fanout_leaf=64, nr_cpu_ids=2
[    0.000000] NR_IRQS:33024 nr_irqs:440 16
[    0.000000] Console: colour VGA+ 80x25
[    0.000000] console [tty1] enabled
[    0.000000] console [ttyS0] enabled
[    0.000000] tsc: Detected 2808.000 MHz processor
[    5.974927] Calibrating delay loop (skipped) preset value.. 5616.00 BogoMIPS (lpj=11232000)
[    5.976379] pid_max: default: 32768 minimum: 301
[    5.977056] ACPI: Core revision 20150930
[    5.978514] ACPI: 2 ACPI AML tables successfully acquired and loaded
[    6.037415] Security Framework initialized
[    6.073464] Yama: becoming mindful.
[    6.074696] AppArmor: AppArmor initialized
[    6.076194] Dentry cache hash table entries: 131072 (order: 8, 1048576 bytes)
[    6.077920] Inode-cache hash table entries: 65536 (order: 7, 524288 bytes)
[    6.203270] Mount-cache hash table entries: 2048 (order: 2, 16384 bytes)
[    6.347077] Mountpoint-cache hash table entries: 2048 (order: 2, 16384 bytes)
[    6.490929] Initializing cgroup subsys io
[    6.571094] Initializing cgroup subsys memory
[    6.662790] Initializing cgroup subsys devices
[    6.734574] Initializing cgroup subsys freezer
[    6.783076] Initializing cgroup subsys net_cls
[    6.784037] Initializing cgroup subsys perf_event
[    6.785032] Initializing cgroup subsys net_prio
[    6.839758] Initializing cgroup subsys hugetlb
[    6.906694] Initializing cgroup subsys pids
[    6.963759] mce: CPU supports 0 MCE banks
[    6.986903] Last level iTLB entries: 4KB 64, 2MB 8, 4MB 8
[    7.062755] Last level dTLB entries: 4KB 64, 2MB 0, 4MB 0, 1GB 4
[    7.180257] Spectre V2 : Mitigation: Full generic retpoline
[    7.277402] Spectre V2 : Speculation control IBPB not-supported IBRS not-supported
[    7.349434] Spectre V2 : Filling RSB on context switch
[    7.361192] Speculative Store Bypass: Vulnerable
[    7.387238] Freeing SMP alternatives memory: 32K
[    7.415359] ftrace: allocating 32266 entries in 127 pages
[    7.554068] smpboot: APIC(0) Converting physical 0 to logical package 0
[    7.600778] smpboot: Max logical packages: 1
[    7.602146] x2apic enabled
[    7.604105] Switched APIC routing to physical x2apic.
[    7.606054] ..TIMER: vector=0x30 apic1=0 pin1=2 apic2=-1 pin2=-1
[    7.714457] smpboot: CPU0: Intel(R) Core(TM) i7-7700HQ CPU @ 2.80GHz (family: 0x6, model: 0x9e, stepping: 0x9)
[    7.891300] Performance Events: unsupported p6 CPU model 158 no PMU driver, software events only.
[    8.005405] KVM setup paravirtual spinlock
[    8.093719] x86: Booting SMP configuration:
[    8.164008] .... node  #0, CPUs:      #1
[    8.227159] kvm-clock: cpu 1, msr 0:3ffe3041, secondary cpu clock
[    8.231702] mce: CPU supports 0 MCE banks
[    8.236490] x86: Booted up 1 node, 2 CPUs
[    8.238681] smpboot: Total of 2 processors activated (11232.00 BogoMIPS)
[    8.267624] devtmpfs: initialized
[    8.294672] evm: security.selinux
[    8.321221] evm: security.SMACK64
[    8.346064] evm: security.SMACK64EXEC
[    8.369450] evm: security.SMACK64TRANSMUTE
[    8.370156] evm: security.SMACK64MMAP
[    8.370818] evm: security.ima
[    8.371387] evm: security.capability
[    8.372198] clocksource: jiffies: mask: 0xffffffff max_cycles: 0xffffffff, max_idle_ns: 7645041785100000 ns
[    8.447296] futex hash table entries: 512 (order: 3, 32768 bytes)
[    8.489891] pinctrl core: initialized pinctrl subsystem
[    8.529161] RTC time: 15:15:09, date: 11/09/18
[    8.586114] NET: Registered protocol family 16
[    8.663225] cpuidle: using governor ladder
[    8.753101] cpuidle: using governor menu
[    8.800351] PCCT header not found.
[    8.807743] ACPI: bus type PCI registered
[    8.833277] acpiphp: ACPI Hot Plug PCI Controller Driver version: 0.5
[    8.868204] PCI: Using configuration type 1 for base access
[    8.928122] ACPI: Added _OSI(Module Device)
[    8.970490] ACPI: Added _OSI(Processor Device)
[    9.004011] ACPI: Added _OSI(3.0 _SCP Extensions)
[    9.011147] ACPI: Added _OSI(Processor Aggregator Device)
[    9.012625] ACPI: Executed 1 blocks of module-level executable AML code
[    9.092735] ACPI: Interpreter enabled
[    9.121836] ACPI: (supports S0 S5)
[    9.122390] ACPI: Using IOAPIC for interrupt routing
[    9.123545] PCI: Using host bridge windows from ACPI; if necessary, use "pci=nocrs" and report a bug
[    9.127699] ACPI: PCI Root Bridge [PCI0] (domain 0000 [bus 00-ff])
[    9.170837] acpi PNP0A03:00: _OSC: OS supports [ASPM ClockPM Segments MSI]
[    9.171848] acpi PNP0A03:00: _OSC: not requesting OS control; OS requires [ExtendedConfig ASPM ClockPM MSI]
[    9.226307] acpi PNP0A03:00: fail to add MMCONFIG information, can't access extended PCI configuration space under this bridge.
[    9.248013] PCI host bridge to bus 0000:00
[    9.248730] pci_bus 0000:00: root bus resource [io  0x0000-0x0cf7 window]
[    9.249896] pci_bus 0000:00: root bus resource [io  0x0d00-0xffff window]
[    9.250824] pci_bus 0000:00: root bus resource [mem 0x000a0000-0x000bffff window]
[    9.251969] pci_bus 0000:00: root bus resource [mem 0x40000000-0xffdfffff window]
[    9.253175] pci_bus 0000:00: root bus resource [bus 00-ff]
[    9.257660] pci 0000:00:01.1: legacy IDE quirk: reg 0x10: [io  0x01f0-0x01f7]
[    9.273452] pci 0000:00:01.1: legacy IDE quirk: reg 0x14: [io  0x03f6]
[    9.343221] pci 0000:00:01.1: legacy IDE quirk: reg 0x18: [io  0x0170-0x0177]
[    9.466444] pci 0000:00:01.1: legacy IDE quirk: reg 0x1c: [io  0x0376]
[    9.542612] pci 0000:00:07.0: quirk: [io  0x4000-0x403f] claimed by PIIX4 ACPI
[    9.606958] pci 0000:00:07.0: quirk: [io  0x4100-0x410f] claimed by PIIX4 SMB
[    9.615059] ACPI: PCI Interrupt Link [LNKA] (IRQs 5 9 10 *11)
[    9.736394] ACPI: PCI Interrupt Link [LNKB] (IRQs 5 9 10 *11)
[    9.845643] ACPI: PCI Interrupt Link [LNKC] (IRQs 5 9 *10 11)
[    9.908324] ACPI: PCI Interrupt Link [LNKD] (IRQs 5 *9 10 11)
[    9.912885] ACPI: Enabled 2 GPEs in block 00 to 07
[    9.946503] vgaarb: setting as boot device: PCI:0000:00:02.0
[    9.969586] vgaarb: device added: PCI:0000:00:02.0,decodes=io+mem,owns=io+mem,locks=none
[    9.974913] vgaarb: loaded
[    9.976490] vgaarb: bridge control possible 0000:00:02.0
[    9.977500] SCSI subsystem initialized
[    9.985617] ACPI: bus type USB registered
[   10.017497] usbcore: registered new interface driver usbfs
[   10.090527] usbcore: registered new interface driver hub
[   10.196490] usbcore: registered new device driver usb
[   10.258532] PCI: Using ACPI for IRQ routing
[   10.309637] NetLabel: Initializing
[   10.381850] NetLabel:  domain hash size = 128
[   10.382503] NetLabel:  protocols = UNLABELED CIPSOv4
[   10.383303] NetLabel:  unlabeled traffic allowed by default
[   10.384197] amd_nb: Cannot enumerate AMD northbridges
[   10.384959] clocksource: Switched to clocksource kvm-clock
[   10.390776] AppArmor: AppArmor Filesystem Enabled
[   10.493677] pnp: PnP ACPI init
[   10.563430] pnp: PnP ACPI: found 3 devices
[   10.666573] clocksource: acpi_pm: mask: 0xffffff max_cycles: 0xffffff, max_idle_ns: 2085701024 ns
[   10.832868] NET: Registered protocol family 2
[   10.918808] TCP established hash table entries: 8192 (order: 4, 65536 bytes)
[   10.920010] TCP bind hash table entries: 8192 (order: 5, 131072 bytes)
[   10.920961] TCP: Hash tables configured (established 8192 bind 8192)
[   10.921871] UDP hash table entries: 512 (order: 2, 16384 bytes)
[   10.922706] UDP-Lite hash table entries: 512 (order: 2, 16384 bytes)
[   10.973673] NET: Registered protocol family 1
[   11.087303] pci 0000:00:00.0: Limiting direct PCI/PCI transfers
[   11.220129] pci 0000:00:01.0: Activating ISA DMA hang workarounds
[   11.356419] Unpacking initramfs...
[   11.596676] Freeing initrd memory: 14800K
[   11.646588] platform rtc_cmos: registered platform RTC device (no PNP device found)
[   11.685046] Scanning for low memory corruption every 60 seconds
[   11.686746] audit: initializing netlink subsys (disabled)
[   11.687710] audit: type=2000 audit(1541776506.967:1): initialized
[   11.688772] Initialise system trusted keyring
[   11.693720] HugeTLB registered 2 MB page size, pre-allocated 0 pages
[   11.769071] zbud: loaded
[   11.824095] VFS: Disk quotas dquot_6.6.0
[   11.877594] VFS: Dquot-cache hash table entries: 512 (order 0, 4096 bytes)
[   12.011828] squashfs: version 4.0 (2009/01/31) Phillip Lougher
[   12.060991] fuse init (API version 7.23)
[   12.173438] Key type big_key registered
[   12.262455] Allocating IMA MOK and blacklist keyrings.
[   12.384070] Key type asymmetric registered
[   12.426421] Asymmetric key parser 'x509' registered
[   12.477604] Block layer SCSI generic (bsg) driver version 0.4 loaded (major 249)
[   12.520672] io scheduler noop registered
[   12.521726] io scheduler deadline registered (default)
[   12.522845] io scheduler cfq registered
[   12.523818] pci_hotplug: PCI Hot Plug PCI Core version: 0.5
[   12.525021] pciehp: PCI Express Hot Plug Controller Driver version: 0.4
[   12.683081] tsc: Refined TSC clocksource calibration: 2807.870 MHz
[   12.840937] clocksource: tsc: mask: 0xffffffffffffffff max_cycles: 0x28794b27626, max_idle_ns: 440795290244 ns
[   12.841181] ACPI: AC Adapter [AC] (on-line)
ÿ[   12.841258] input: Power Button as /devices/LNXSYSTM:00/LNXPWRBN:00/input/input0
[   12.841261] ACPI: Power Button [PWRF]
[   12.841344] input: Sleep Button as /devices/LNXSYSTM:00/LNXSLPBN:00/input/input1
[   12.841358] ACPI: Sleep Button [SLPF]
[   12.842377] ACPI: Battery Slot [BAT0] (battery present)
[   12.842399] GHES: HEST is not enabled!
[   13.004956] Serial: 8250/16550 driver, 32 ports, IRQ sharing enabled
[   13.086853] 00:02: ttyS0 at I/O 0x3f8 (irq = 4, base_baud = 115200) is a 16550A
[   13.258809] Linux agpgart interface v0.103
[   13.418585] loop: module loaded
[   13.419075] scsi host0: ata_piix
[   13.419167] scsi host1: ata_piix
[   13.419195] ata1: PATA max UDMA/33 cmd 0x1f0 ctl 0x3f6 bmdma 0xd000 irq 14
[   13.419196] ata2: PATA max UDMA/33 cmd 0x170 ctl 0x376 bmdma 0xd008 irq 15
[   13.419253] libphy: Fixed MDIO Bus: probed
[   13.419255] tun: Universal TUN/TAP device driver, 1.6
[   13.419256] tun: (C) 1999-2004 Max Krasnyansky <maxk@qualcomm.com>
[   13.419485] PPP generic driver version 2.4.2
[   13.419525] ehci_hcd: USB 2.0 'Enhanced' Host Controller (EHCI) Driver
[   13.419528] ehci-pci: EHCI PCI platform driver
[   13.419540] ehci-platform: EHCI generic platform driver
[   13.419546] ohci_hcd: USB 1.1 'Open' Host Controller (OHCI) Driver
[   13.419550] ohci-pci: OHCI PCI platform driver
[   13.419556] ohci-platform: OHCI generic platform driver
[   13.419562] uhci_hcd: USB Universal Host Controller Interface driver
[   13.419603] i8042: PNP: PS/2 Controller [PNP0303:PS2K,PNP0f03:PS2M] at 0x60,0x64 irq 1,12
[   13.537985] serio: i8042 KBD port at 0x60,0x64 irq 1
[   13.537992] serio: i8042 AUX port at 0x60,0x64 irq 12
[   13.538107] mousedev: PS/2 mouse device common for all mice
[   13.538588] rtc_cmos rtc_cmos: rtc core: registered rtc_cmos as rtc0
[   13.538719] rtc_cmos rtc_cmos: alarms up to one day, 114 bytes nvram
[   13.538726] i2c /dev entries driver
[   13.538778] device-mapper: uevent: version 1.0.3
[   13.538821] device-mapper: ioctl: 4.34.0-ioctl (2015-10-28) initialised: dm-devel@redhat.com
[   13.538838] ledtrig-cpu: registered to indicate activity on CPUs
[   13.539090] NET: Registered protocol family 10
[   13.539230] NET: Registered protocol family 17
[   13.539238] Key type dns_resolver registered
[   13.539430] registered taskstats version 1
[   13.539440] Loading compiled-in X.509 certificates
[   13.539931] Loaded X.509 cert 'Build time autogenerated kernel key: b7189ebc996fd79c52efc1226b6676b25e4f6a2d'
[   13.539945] zswap: loaded using pool lzo/zbud
[   13.541367] Key type trusted registered
[   13.543266] Key type encrypted registered
[   13.543271] AppArmor: AppArmor sha1 policy hashing enabled
[   13.543273] ima: No TPM chip found, activating TPM-bypass!
[   13.543276] ima: Allocated hash algorithm: sha1
[   13.543284] evm: HMAC attrs: 0x1
[   13.543584]   Magic number: 10:18:285
[   13.769601] rtc_cmos rtc_cmos: setting system clock to 2018-11-09 15:15:14 UTC (1541776514)
[   13.769745] BIOS EDD facility v0.16 2004-Jun-25, 0 devices found
[   13.769746] EDD information not available.
[   14.036047] input: AT Translated Set 2 keyboard as /devices/platform/i8042/serio0/input/input2
[   15.750687] Freeing unused kernel memory: 1516K
[   15.997129] Write protecting the kernel read-only data: 14336k
[   16.288100] Freeing unused kernel memory: 1672K
[   16.338343] Freeing unused kernel memory: 92K
Loading, please wait...
starting version[   16.628650] random: systemd-udevd: uninitialized urandom read (16 bytes read, 5 bits of entropy available)
 229
[   16.629114] random: udevadm: uninitialized urandom read (16 bytes read, 5 bits of entropy available)
[   16.629128] random: udevadm: uninitialized urandom read (16 bytes read, 5 bits of entropy available)
[   16.636433] random: udevadm: uninitialized urandom read (16 bytes read, 5 bits of entropy available)
[   16.636466] random: udevadm: uninitialized urandom read (16 bytes read, 5 bits of entropy available)
[   16.636570] random: udevadm: uninitialized urandom read (16 bytes read, 5 bits of entropy available)
[   16.636607] random: udevadm: uninitialized urandom read (16 bytes read, 5 bits of entropy available)
[   16.636645] random: udevadm: uninitialized urandom read (16 bytes read, 5 bits of entropy available)
[   16.636681] random: udevadm: uninitialized urandom read (16 bytes read, 5 bits of entropy available)
[   16.636715] random: udevadm: uninitialized urandom read (16 bytes read, 5 bits of entropy available)
[   17.009485] e1000: Intel(R) PRO/1000 Network Driver - version 7.3.21-k8-NAPI
[   17.018586] e1000: Copyright (c) 1999-2006 Intel Corporation.
[   17.029194] Fusion MPT base driver 3.04.20
[   17.165435] Copyright (c) 1999-2008 LSI Corporation
[   17.366283] AVX version of gcm_enc/dec engaged.
[   17.727772] AES CTR mode by8 optimization enabled
[   18.030771] input: ImExPS/2 Generic Explorer Mouse as /devices/platform/i8042/serio1/input/input4
[   18.499609] Fusion MPT SPI Host driver 3.04.20
[   18.884265] e1000 0000:00:03.0 eth0: (PCI:33MHz:32-bit) 02:09:ed:a5:b0:a8
[   19.307949] e1000 0000:00:03.0 eth0: Intel(R) PRO/1000 Network Connection
[   19.800324] e1000 0000:00:08.0 eth1: (PCI:33MHz:32-bit) 08:00:27:66:ce:ec
[   19.978172] e1000 0000:00:08.0 eth1: Intel(R) PRO/1000 Network Connection
[   20.178641] mptbase: ioc0: Initiating bringup
[   20.178965] e1000 0000:00:08.0 enp0s8: renamed from eth1
[   20.317995] e1000 0000:00:03.0 enp0s3: renamed from eth0
[   20.386740] ioc0: LSI53C1030 A0: Capabilities={Initiator}
[   20.638108] scsi host2: ioc0: LSI53C1030 A0, FwRev=00000000h, Ports=1, MaxQ=256, IRQ=20
[   20.918281] scsi 2:0:0:0: Direct-Access     VBOX     HARDDISK         1.0  PQ: 0 ANSI: 5
[   21.358193] scsi target2:0:0: Beginning Domain Validation
[   21.669123] scsi target2:0:0: Domain Validation skipping write tests
[   21.678149] scsi target2:0:0: Ending Domain Validation
[   21.798016] scsi target2:0:0: asynchronous
[   21.819621] scsi 2:0:1:0: Direct-Access     VBOX     HARDDISK         1.0  PQ: 0 ANSI: 5
[   21.821568] scsi target2:0:1: Beginning Domain Validation
[   22.062080] scsi target2:0:1: Domain Validation skipping write tests
[   22.068466] scsi target2:0:1: Ending Domain Validation
[   22.069687] scsi target2:0:1: asynchronous
[   22.074332] sd 2:0:0:0: Attached scsi generic sg0 type 0
[   22.078714] sd 2:0:0:0: [sda] 20971520 512-byte logical blocks: (10.7 GB/10.0 GiB)
[   22.080404] sd 2:0:0:0: [sda] Write Protect is off
[   22.081694] sd 2:0:0:0: [sda] Incomplete mode parameter data
[   22.083879] sd 2:0:0:0: [sda] Assuming drive cache: write through
[   22.085657] sd 2:0:1:0: Attached scsi generic sg1 type 0
[   22.159101] sd 2:0:1:0: [sdb] 20480 512-byte logical blocks: (10.5 MB/10.0 MiB)
[   22.219015] sd 2:0:1:0: [sdb] Write Protect is off
[   22.219379]  sda: sda1
[   22.220481] sd 2:0:1:0: [sdb] Incomplete mode parameter data
[   22.220628] sd 2:0:0:0: [sda] Attached SCSI disk
[   22.319125] sd 2:0:1:0: [sdb] Assuming drive cache: write through
[   22.321807] sd 2:0:1:0: [sdb] Attached SCSI disk
Begin: Loading e[   23.838117] md: linear personality registered for level -1
ssential drivers[   24.040501] md: multipath personality registered for level -4
 ... [   24.132363] md: raid0 personality registered for level 0
[   24.242856] md: raid1 personality registered for level 1
[   24.417381] raid6: sse2x1   gen() 10892 MB/s
[   24.785197] raid6: sse2x1   xor()  6218 MB/s
[   24.885115] raid6: sse2x2   gen() 12303 MB/s
[   25.087413] raid6: sse2x2   xor()  8468 MB/s
[   25.213110] raid6: sse2x4   gen() 13823 MB/s
[   25.285494] raid6: sse2x4   xor()  9608 MB/s
[   25.418619] raid6: using algorithm sse2x4 gen() 13823 MB/s
[   25.420215] raid6: .... xor() 9608 MB/s, rmw enabled
[   25.421382] raid6: using ssse3x2 recovery algorithm
[   25.429427] xor: automatically using best checksumming function:
[   25.485006]    avx       : 24773.000 MB/sec
[   25.516014] async_tx: api initialized (async)
[   25.522811] md: raid6 personality registered for level 6
[   25.817952] md: raid5 personality registered for level 5
[   25.863931] md: raid4 personality registered for level 4
[   25.869809] md: raid10 personality registered for level 10
done.
Begin: Running /scripts/init-premount ... done.
Begin: Mounting root file system ... Begin: Running /scripts/local-top ... done.
Begin: Running[   25.898452] Btrfs loaded
 /scripts/local-premount ... Scanning for Btrfs filesystems
done.
Warning: fsck no[   26.066210] EXT4-fs (sda1): mounted filesystem with ordered data mode. Opts: (null)
t present, so skipping root file system
done.
Begin: Running /scripts/local-bottom ... done.
Begin: Running /scripts/init-bottom ... done.
[   26.579276] systemd[1]: systemd 229 running in system mode. (+PAM +AUDIT +SELINUX +IMA +APPARMOR +SMACK +SYSVINIT +UTMP +LIBCRYPTSETUP +GCRYPT +GNUTLS +ACL +XZ -LZ4 +SECCOMP +BLKID +ELFUTILS +KMOD -IDN)
[   26.612122] systemd[1]: Detected virtualization oracle.
[   26.614280] systemd[1]: Detected architecture x86-64.

Welcome to [1mUbuntu 16.04.5 LTS[0m!

[   26.618691] systemd[1]: Set hostname to <ubuntu>.
[   26.621430] systemd[1]: Initializing machine ID from random generator.
[   26.693305] systemd[1]: Installed transient /etc/machine-id file.
[   26.809668] systemd[1]: Listening on /dev/initctl Compatibility Named Pipe.
[[0;32m  OK  [0m] Listening on /dev/initctl Compatibility Named Pipe.
[   26.937405] systemd[1]: Created slice User and Session Slice.
[[0;32m  OK  [0m] Created slice User and Session Slice.
[   27.013327] systemd[1]: Reached target Swap.
[[0;32m  OK  [0m] Reached target Swap.
[   27.014867] systemd[1]: Listening on Syslog Socket.
[[0;32m  OK  [0m] Listening on Syslog Socket.
[   27.017479] systemd[1]: Listening on Journal Audit Socket.
[[0;32m  OK  [0m] Listening on Journal Audit Socket.
[   27.038837] systemd[1]: Listening on udev Control Socket.
[[0;32m  OK  [0m] Listening on udev Control Socket.
[   27.041442] systemd[1]: Listening on Journal Socket (/dev/log).
[[0;32m  OK  [0m] Listening on Journal Socket (/dev/log).
[   27.043917] systemd[1]: Started Forward Password Requests to Wall Directory Watch.
[[0;32m  OK  [0m] Started Forward Password Requests to Wall Directory Watch.
[   27.049705] systemd[1]: Listening on LVM2 poll daemon socket.
[[0;32m  OK  [0m] Listening on LVM2 poll daemon socket.
[   27.109711] systemd[1]: Reached target User and Group Name Lookups.
[[0;32m  OK  [0m] Reached target User and Group Name Lookups.
[   27.111549] systemd[1]: Started Trigger resolvconf update for networkd DNS.
[[0;32m  OK  [0m] Started Trigger resolvconf update for networkd DNS.
[   27.310505] systemd[1]: Listening on Device-mapper event daemon FIFOs.
[[0;32m  OK  [0m] Listening on Device-mapper event daemon FIFOs.
[   27.361675] systemd[1]: Listening on udev Kernel Socket.
[[0;32m  OK  [0m] Listening on udev Kernel Socket.
[   27.505397] systemd[1]: Reached target Encrypted Volumes.
[[0;32m  OK  [0m] Reached target Encrypted Volumes.
[   27.511529] systemd[1]: Created slice System Slice.
[[0;32m  OK  [0m] Created slice System Slice.
[   27.569612] systemd[1]: Created slice system-serial\x2dgetty.slice.
[[0;32m  OK  [0m] Created slice system-serial\x2dgetty.slice.
[   27.677386] systemd[1]: Reached target Slices.
[[0;32m  OK  [0m] Reached target Slices.
[   27.681561] systemd[1]: Reached target System Time Synchronized.
[[0;32m  OK  [0m] Reached target System Time Synchronized.
[   27.684696] systemd[1]: Listening on Journal Socket.
[[0;32m  OK  [0m] Listening on Journal Socket.
[   27.741217] systemd[1]: Starting Uncomplicated firewall...
[   27.798802] random: nonblocking pool is initialized
         Starting Uncomplicated firewall...
[   28.005604] systemd[1]: Mounting POSIX Message Queue File System...
         Mounting POSIX Message Queue File System...
[   28.124939] systemd[1]: Mounting Debug File System...
         Mounting Debug File System...
[   28.128653] systemd[1]: Starting Journal Service...
         Starting Journal Service...
[   28.209821] systemd[1]: Starting Nameserver information manager...
         Starting Nameserver information manager...
[   28.341168] systemd[1]: Mounting Huge Pages File System...
         Mounting Huge Pages File System...
[   28.394026] systemd[1]: Starting Set console keymap...
         Starting Set console keymap...
[   28.408271] systemd[1]: Starting Load Kernel Modules...
         Starting Load Kernel Modules...
[   28.510021] systemd[1]: Starting Create list of required static device nodes for the current kernel...
         Starting Create list of required[   28.521388] Loading iSCSI transport class v2.0-870.
 st... nodes for the current kernel...
[   28.590769] systemd[1]: Set up automount Arbitrary Executable File Formats File System Automount Point.
[[   29.258350] iscsi: registered transport (tcp)
[0;32m  OK  [0m] Set up automount Arbitrary Executab...ats File System Automount Point.
[   29.665123] iscsi: registered transport (iser)
[   29.665131] systemd[1]: Starting Remount Root and Kernel File Systems...
[   29.667739] EXT4-fs (sda1): re-mounted. Opts: (null)
         Starting Remount Root and Kernel File Systems...
[   29.905321] systemd[1]: Listening on LVM2 metadata daemon socket.
[[0;32m  OK  [0m] Listening on LVM2 metadata daemon socket.
[   29.993119] systemd[1]: Starting Monitoring of LVM2 mirrors, snapshots etc. using dmeventd or progress polling...
         Starting Monitoring of LVM2 mirrors... dmeventd or progress polling...
[   30.171257] systemd[1]: Mounted POSIX Message Queue File System.
[[0;32m  OK  [0m] Mounted POSIX Message Queue File System.
[   30.282598] systemd[1]: Mounted Debug File System.
[[0;32m  OK  [0m] Mounted Debug File System.
[   30.309211] systemd[1]: Mounted Huge Pages File System.
[[0;32m  OK  [0m] Mounted Huge Pages File System.
[   30.486225] systemd[1]: Started Journal Service.
[[0;32m  OK  [0m] Started Journal Service.
[[0;32m  OK  [0m] Started Uncomplicated firewall.
[[0;32m  OK  [0m] Started Set console keymap.
[[0;32m  OK  [0m] Started Load Kernel Modules.
[[0;32m  OK  [0m] Started Create list of required sta...ce nodes for the current kernel.
[[0;32m  OK  [0m] Started Remount Root and Kernel File Systems.
[[0;32m  OK  [0m] Started Nameserver information manager.
[[0;32m  OK  [0m] Started LVM2 metadata daemon.
         Starting udev Coldplug all Devices...
         Starting Load/Save Random Seed...
         Starting Create Static Device Nodes in /dev...
         Mounting FUSE Control File System...
         Starting Apply Kernel Variables...
         Starting Flush Journal to Persistent Storage...
[[0;32m  OK  [0m] Mounted FUSE Control File System.
[[0;32m  OK  [0m] Started Monitoring of LVM2 mirrors,...ng dmeventd or progress polling.
[[0;32m  OK  [0m] Started Load/Save Random Seed.
[[0;32m  OK  [0m] Started Create Static Device Nodes in /dev.
[[0;32m  OK  [0m] Started Apply Kernel Variables.
[[0;32m  OK  [0m] Started udev Coldplug all Devices.
         Starting udev Kernel Device Manager...
[[0;32m  OK  [0m] Started Flush Journal to Persistent Storage.
[[0;32m  OK  [0m] Started udev Kernel Device Manager.
[[0;32m  OK  [0m] Reached target Local File Systems (Pre).
[[0;32m  OK  [0m] Reached target Local File Systems.
         Starting Commit a transient machine-id on disk...
         Starting LSB: AppArmor initialization...
         Starting Initial cloud-init job (pre-networking)...
         Starting Tell Plymouth To Write Out Runtime Data...
         Starting Set console font and keymap...
[[0;32m  OK  [0m] Started Dispatch Password Requests to Console Directory Watch.
         Starting Create Volatile Files and Directories...
[[0;32m  OK  [0m] Started Commit a transient machine-id on disk.
[[0;32m  OK  [0m] Started Tell Plymouth To Write Out Runtime Data.
[   22.061504] cloud-init[497]: Cloud-init v. 18.3-9-g2e62cb8a-0ubuntu1~16.04.2 running 'init-local' at Fri, 09 Nov 2018 15:15:32 +0000. Up 21.78 seconds.
[[0;32m  OK  [0m] Started Create Volatile Files and Directories.
[[0;32m  OK  [0m] Started Set console font and keymap.
[[0;32m  OK  [0m] Started Initial cloud-init job (pre-networking).
[[0;32m  OK  [0m] Found device /dev/ttyS0.
[[0;32m  OK  [0m] Listening on Load/Save RF Kill Switch Status /dev/rfkill Watch.
[[0;32m  OK  [0m] Reached target Network (Pre).
[[0;32m  OK  [0m] Created slice system-getty.slice.
         Starting Update UTMP about System Boot/Shutdown...
[[0;32m  OK  [0m] Started Update UTMP about System Boot/Shutdown.
[[0;32m  OK  [0m] Started LSB: AppArmor initialization.
         Starting Raise network interfaces...
[[0;32m  OK  [0m] Started Raise network interfaces.
[[0;32m  OK  [0m] Reached target Network.
         Starting Initial cloud-init job (metadata service crawler)...
[   23.732837] cloud-init[947]: Cloud-init v. 18.3-9-g2e62cb8a-0ubuntu1~16.04.2 running 'init' at Fri, 09 Nov 2018 15:15:33 +0000. Up 23.06 seconds.
[   23.776252] cloud-init[947]: ci-info: ++++++++++++++++++++++++++++++++++++++Net device info++++++++++++++++++++++++++++++++++++++
[[0;32m  OK  [0m] Started Initial cloud-init job (metadata service crawler).
[   23.839952] cloud-init[947]: ci-info: +--------+-------+---------------------------+---------------+--------+-------------------+
[   23.901617] cloud-init[947]: ci-info: | Device |   Up  |          Address          |      Mask     | Scope  |     Hw-Address    |
[[0;32m  OK  [0m] Reached target System Initialization.
[[   23.901713] cloud-init[947]: ci-info: +--------+-------+---------------------------+---------------+--------+-------------------+
[0;32m  OK  [0m] Listening on UUID daemon activation socket.
[   23.998445] cloud-init[947]: ci-info: | enp0s3 |  True |         10.0.2.15         | 255.255.255.0 | global | 02:09:ed:a5:b0:a8 |
[   24.166450] cloud-init[947]: ci-info: | enp0s3 |  True | fe80::9:edff:fea5:b0a8/64 |       .       |  link  | 02:09:ed:a5:b0:a8 |
[   24.166773] cloud-init[947]: ci-info: | enp0s8 | False |             .             |       .       |   .    | 08:00:27:66:ce:ec |
[[0;32m  OK  [0m] Started ACPI Events Check.
[[   24.166961] cloud-init[947]: ci-info: |   lo   |  True |         127.0.0.1         |   255.0.0.0   |  host  |         .         |
[   24.174012] cloud-init[947]: ci-info: |   lo   |  True |          ::1/128          |       .       |  host  |         .         |
[   24.174119] cloud-init[947]: ci-info: +--------+-------+---------------------------+---------------+--------+-------------------+
[0;32m  OK  [0m] Reached target Paths.
         Starting Socket activation for snappy daemon.
[   24.174280] cloud-init[947]: ci-info: +++++++++++++++++++++++++++Route IPv4 info++++++++++++++++++++++++++++
[   24.272210] cloud-init[947]: ci-info: +-------+-------------+----------+---------------+-----------+-------+
[   24.272395] cloud-init[947]: ci-info: | Route | Destination | Gateway  |    Genmask    | Interface | Flags |
[[0;32m  OK  [0m] Listening on ACPID Listen Socket.
[[   24.272520] cloud-init[947]: ci-info: +-------+-------------+----------+---------------+-----------+-------+
[   24.278199] cloud-init[947]: ci-info: |   0   |   0.0.0.0   | 10.0.2.2 |    0.0.0.0    |   enp0s3  |   UG  |
[   24.278300] cloud-init[947]: ci-info: |   1   |   10.0.2.0  | 0.0.0.0  | 255.255.255.0 |   enp0s3  |   U   |
[   24.278431] cloud-init[947]: ci-info: +-------+-------------+----------+---------------+-----------+-------+
[   24.278555] cloud-init[947]: ci-info: +++++++++++++++++++Route IPv6 info+++++++++++++++++++
[   24.278683] cloud-init[947]: ci-info: +-------+-------------+---------+-----------+-------+
[0;32m  OK  [0m] Started Daily Cleanup of Temporary Directories.
[[   24.278811] cloud-init[947]: ci-info: | Route | Destination | Gateway | Interface | Flags |
[   24.372564] cloud-init[947]: ci-info: +-------+-------------+---------+-----------+-------+
[0;32m  OK  [0m] Listening on D-Bus System Message Bus Socket.
[   24.372646] cloud-init[947]: ci-info: |   0   |  fe80::/64  |    ::   |   enp0s3  |   U   |
[   24.400701] cloud-init[947]: ci-info: |   3   |   ff00::/8  |    ::   |   enp0s3  |   U   |
[   24.401000] cloud-init[947]: ci-info: +-------+-------------+---------+-----------+-------+
         Starting LXD - unix socket.
[[   24.401189] cloud-init[947]: Generating public/private rsa key pair.
[   24.403941] cloud-init[947]: Your identification has been saved in /etc/ssh/ssh_host_rsa_key.
[0;32m  OK  [0m] Started Daily apt download activities.
[   24.404229] cloud-init[947]: Your public key has been saved in /etc/ssh/ssh_host_rsa_key.pub.
[   24.406834] cloud-init[947]: The key fingerprint is:
[[0;32m  OK  [0m] Started Daily apt upgrade and clean activities.
[[   24.406946] cloud-init[947]: SHA256:UVa3hdOBmN5yHICV3zuHEJYUm6ZQ+ceOmZtO7JvDI7I root@ubuntu-xenial
[   24.410313] cloud-init[947]: The key's randomart image is:
[   24.410399] cloud-init[947]: +---[RSA 2048]----+
[0;32m  OK  [0m] Reached target Timers.
[[   24.410541] cloud-init[947]: |          **Ooo+o|
[   24.433226] cloud-init[947]: |         =.++*oo.|
[   24.433340] cloud-init[947]: |        o .oBo+. |
[   24.433489] cloud-init[947]: |         o =o=o. |
[   24.433631] cloud-init[947]: |        S . oB ..|
[0;32m  OK  [0m] Reached target Network is Online.
[   24.433761] cloud-init[947]: |           .+ oo.|
[   24.464642] cloud-init[947]: |           .oo  o|
[   24.467727] cloud-init[947]: |        . .o*.   |
[   24.492239] cloud-init[947]: |        Eo o=+   |
[   24.509732] cloud-init[947]: +----[SHA256]-----+
[   24.528272] cloud-init[947]: Generating public/private dsa key pair.
[   24.536137] cloud-init[947]: Your identification has been saved in /etc/ssh/ssh_host_dsa_key.
         Starting iSCSI initiator daemon (iscsid)...
[[0;32m  OK  [0m] Reached target Cloud-config availability.
[   24.558771] cloud-init[947]: Your public key has been saved in /etc/ssh/ssh_host_dsa_key.pub.
[   24.569601] cloud-init[947]: The key fingerprint is:
[   24.592584] cloud-init[947]: SHA256:7Kkk9lEBeu8v9UePGY8L+71AG7HrHy91qiKcA74vWyI root@ubuntu-xenial
[   24.602145] cloud-init[947]: The key's randomart image is:
[   24.620219] cloud-init[947]: +---[DSA 1024]----+
[[0;32m  OK  [0m] Listening on Socket activation for snappy daemon.
[[0;32m  OK  [0m] Listening on LXD - unix socket.
[   24.647088] cloud-init[947]: |      .          |
[   24.716223] cloud-init[947]: |     . .         |
[   24.725229] cloud-init[947]: |    . . .    .   |
[   24.728351] [cloud-init[0;32m  OK  [0m[947]: ] |     . o .    o  |Started iSCSI initiator daemon (iscsid).

[   24.728785] cloud-init[947]: |        S    +   |
[   24.781643]          cloud-initStarting Login to default iSCSI targets...[947]: 
|      .+ .. . * o|
[[0;32m  OK  [0m] Reached target Sockets.
[   24.795967] [cloud-init[0;32m  OK  [0m[947]: ] |    E.+o=o ..= @.|Reached target Basic System.

[   24.796836] cloud-init[947]: |   . =o=*.. ooO.=|
[   24.802046]          Starting /etc/rc.local Compatibility...
cloud-init[947]: |      ==.+..o=+=+|
[   24.817072]          cloud-initStarting Pollinate to seed the pseudo random number generator...[947]: 
+----[SHA256]-----+
[   24.844155]          cloud-initStarting LSB: MD monitoring daemon...[947]: 
Generating public/private ecdsa key pair.
[   24.857533] cloud-init[947]: Your identification has been saved in /etc/ssh/ssh_host_ecdsa_key.
[   24.880243] [cloud-init[0;32m  OK  [0m[947]: ] Your public key has been saved in /etc/ssh/ssh_host_ecdsa_key.pub.Started FUSE filesystem for LXC.

[   24.880557] cloud-init[947]: The key fingerprint is:
[   24.928232] cloud-init[947]: SHA256:4slOTwG9kJTQpf8RgS8VhSI4ceHPHMNw0VCWorAXDeI root@ubuntu-xenial
[   24.949403]          cloud-initStarting System Logging Service...[947]: 
The key's randomart image is:
[   24.970773]          cloud-initStarting LSB: Record successful boot for GRUB...[947]: 
+---[ECDSA 256]---+
[   24.985087]          cloud-initStarting Virtualbox guest utils...[947]: 
|    +=**=*==.    |
[   24.994092]          cloud-initStarting Login Service...[947]: 
|   .+==B=.=.     |
[   25.005067]          cloud-initStarting Accounts Service...[947]: 
|    E+*+==.      |
[   25.023634] [cloud-init[0;32m  OK  [0m[947]: ] |    . oB.+..     |Started ACPI event daemon.

[   25.025958] cloud-init[947]: |     .. S..      |
[   25.029714] cloud-init[947]: |     o o o .     |
[[0;32m  OK  [0m] Started D-Bus System Message Bus.
[   25.039850] cloud-init[947]: |      = . .      |
[   25.044803] cloud-init[947]: |     o o         |
[   25.050361] cloud-init[947]: |      . .        |
[   25.058170] [cloud-init[0;32m  OK  [0m[947]: ] +----[SHA256]-----+Started Deferred execution scheduler.

[   25.058537] cloud-init[947]: Generating public/private ed25519 key pair.
         Starting LXD - container startup/shutdown...
[   25.079302] cloud-init[947]: Your identification has been saved in /etc/ssh/ssh_host_ed25519_key.
[   25.126793] [cloud-init[0;32m  OK  [0m[947]: ] Your public key has been saved in /etc/ssh/ssh_host_ed25519_key.pub.Started Regular background program processing daemon.

[[0;32m  OK  [0m] Started Unattended Upgrades Shutdown.
[   25.127046] cloud-init[947]: The key fingerprint is:
         Starting Snappy daemon...
[   25.157760] cloud-init[947]: SHA256:kHESC5KR/uJIMU4N7AYeEeMkIxel/Mea1EFWFjJkdMQ root@ubuntu-xenial
[   25.188253] cloud-init[947]: The key's randomart image is:
[   25.204235] [cloud-init[0;32m  OK  [0m[947]: ] +--[ED25519 256]--+Started System Logging Service.

[   25.204520] cloud-init[947]: |==B*oo%=B.       |
[   25.237669] [cloud-init[0;32m  OK  [0m[947]: ] |*B+o = @E        |Started /etc/rc.local Compatibility.

[   25.238216] cloud-init[947]: |+o*   =          |
[   25.282500] [cloud-init[0;32m  OK  [0m[947]: ] | B.o o o         |Started LXD - container startup/shutdown.

[   25.282868] cloud-init[947]: |+ o.o + S        |
[   25.302734] [cloud-init[0;32m  OK  [0m[947]: ] | o...+           |Started Pollinate to seed the pseudo random number generator.

[   25.303105] cloud-init[947]: |.o .o            |
[   25.330492] [[0;32m  OK  [0m] Started Snappy daemon.
cloud-init[947]: |. .              |
[   25.337224] cloud-init[947]: |                 |
[   25.344225] cloud-init[947]: +----[SHA256]-----+
[[0;32m  OK  [0m] Started Login to default iSCSI targets.
[[0;32m  OK  [0m] Started LSB: Record successful boot for GRUB.
[[0;32m  OK  [0m] Started LSB: MD monitoring daemon.
[[0;32m  OK  [0m] Started Login Service.
         Starting Authenticate and Authorize Users to Run Privileged Tasks...
[[0;32m  OK  [0m] Reached target Remote File Systems (Pre).
[[0;32m  OK  [0m] Reached target Remote File Systems.
         Starting Permit User Sessions...
         Starting LSB: daemon to balance interrupts for SMP systems...
         Starting LSB: automatic crash report generation...
         Starting LSB: Set the CPU Frequency Scaling governor to "ondemand"...
         Starting Wait until snapd is fully seeded...
         Starting OpenBSD Secure Shell server...
[[0;32m  OK  [0m] Started OpenBSD Secure Shell server.
[[0;32m  OK  [0m] Started Virtualbox guest utils.
[[0;32m  OK  [0m] Started Permit User Sessions.
[[0;32m  OK  [0m] Started Authenticate and Authorize Users to Run Privileged Tasks.
[[0;32m  OK  [0m] Started Accounts Service.
         Starting Hold until boot process finishes up...
         Starting Terminate Plymouth Boot Screen...
[[0;32m  OK  [0m] Started LSB: daemon to balance interrupts for SMP systems.
[[0;32m  OK  [0m] Started LSB: automatic crash report generation.
[[0;32m  OK  [0m] Started LSB: Set the CPU Frequency Scaling governor to "ondemand".
[[0;32m  OK  [0m] Started Hold until boot process finishes up.
[[0;32m  OK  [0m] Started Terminate Plymouth Boot Screen.
[[0;32m  OK  [0m] Created slice User Slice of vagrant.
[[0;32m  OK  [0m] Started Session 1 of user vagrant.
         Starting User Manager for UID 1000...
         Starting Set console scheme...
[[0;32m  OK  [0m] Started Getty on tty1.
[[0;32m  OK  [0m] Started Serial Getty on ttyS0.
[[0;32m  OK  [0m] Reached target Login Prompts.
[[0;32m  OK  [0m] Started User Manager for UID 1000.
[[0;32m  OK  [0m] Started Set console scheme.
[[0;32m  OK  [0m] Started Wait until snapd is fully seeded.
         Starting Apply the settings specified in cloud-config...
[[0;32m  OK  [0m] Reached target Multi-User System.
[[0;32m  OK  [0m] Reached target Graphical Interface.
         Starting Update UTMP about System Runlevel Changes...
[[0;32m  OK  [0m] Started Update UTMP about System Runlevel Changes.
[   27.946483] cloud-init[1376]: Generating locales (this might take a while)...
[   28.488708] cloud-init[1376]:   en_US.UTF-8... done
[   28.518153] cloud-init[1376]: Generation complete.
[   28.707725] cloud-init[1376]: Cloud-init v. 18.3-9-g2e62cb8a-0ubuntu1~16.04.2 running 'modules:config' at Fri, 09 Nov 2018 15:15:38 +0000. Up 27.85 seconds.
[[0;32m  OK  [0m] Started Apply the settings specified in cloud-config.
         Starting Execute cloud user/final scripts...
ci-info: no authorized ssh keys fingerprints found for user ubuntu.
<14>Nov  9 15:15:39 ec2: 
<14>Nov  9 15:15:39 ec2: #############################################################
<14>Nov  9 15:15:39 ec2: -----BEGIN SSH HOST KEY FINGERPRINTS-----
<14>Nov  9 15:15:39 ec2: 1024 SHA256:7Kkk9lEBeu8v9UePGY8L+71AG7HrHy91qiKcA74vWyI root@ubuntu-xenial (DSA)
<14>Nov  9 15:15:39 ec2: 256 SHA256:4slOTwG9kJTQpf8RgS8VhSI4ceHPHMNw0VCWorAXDeI root@ubuntu-xenial (ECDSA)
<14>Nov  9 15:15:39 ec2: 256 SHA256:kHESC5KR/uJIMU4N7AYeEeMkIxel/Mea1EFWFjJkdMQ root@ubuntu-xenial (ED25519)
<14>Nov  9 15:15:39 ec2: 2048 SHA256:UVa3hdOBmN5yHICV3zuHEJYUm6ZQ+ceOmZtO7JvDI7I root@ubuntu-xenial (RSA)
<14>Nov  9 15:15:39 ec2: -----END SSH HOST KEY FINGERPRINTS-----
<14>Nov  9 15:15:39 ec2: #############################################################
-----BEGIN SSH HOST KEY KEYS-----
ecdsa-sha2-nistp256 AAAAE2VjZHNhLXNoYTItbmlzdHAyNTYAAAAIbmlzdHAyNTYAAABBBMblvdF+sASmkifWPuzy+y0hAJGXpO6MFmH4uOypvbc7/jd+XFSXxV19OSe3n6pfwtS7F9fQbn3FkFUrhtvDkZ4= root@ubuntu-xenial
ssh-ed25519 AAAAC3NzaC1lZDI1NTE5AAAAIBFjE+A3tIiI3cvg3uDZrI2E6Io/zfNO+nX/b7Sy6xox root@ubuntu-xenial
ssh-rsa AAAAB3NzaC1yc2EAAAADAQABAAABAQDVQP5/fk83jJm8T6GtpcO1r+xSp/MCKAxLanDp0xdK/edgJBg2E9c6s+701aB2H12zN99m3uzLtDdaToOGADS52CiIH3GuUKXh+VON/v7I/nCFtVcehVef76TNRYQ7J1h2v+rC3SxKOExayU+eRJXIi1C0Ewux4RHv/NF/AOrL96jHZgCtKbASLAawQtbE2vhRpdQ0sobhhHK9vOVlkJjP3ZkOX3vVHm7GN1uLhicT9O6eUPduyOlkTPUd422MLv2Kqi70vNlyfd2/vruXJmQ1StLKhAzfAkYTaLsGZsZGAJ3Hwk3S3ii2Buhe9DQGBuPQeQNWL3z19FNUbUkWnb/p root@ubuntu-xenial
-----END SSH HOST KEY KEYS-----
[   29.340304] cloud-init[1444]: Cloud-init v. 18.3-9-g2e62cb8a-0ubuntu1~16.04.2 running 'modules:final' at Fri, 09 Nov 2018 15:15:39 +0000. Up 28.95 seconds.
[   29.376788] cloud-init[1444]: ci-info: no authorized ssh keys fingerprints found for user ubuntu.
[   29.377106] cloud-init[1444]: Cloud-init v. 18.3-9-g2e62cb8a-0ubuntu1~16.04.2 finished at Fri, 09 Nov 2018 15:15:40 +0000. Datasource DataSourceNoCloud [seed=/dev/sdb][dsmode=net].  Up 29.33 seconds
[[0;32m  OK  [0m] Started Execute cloud user/final scripts.
[[0;32m  OK  [0m] Reached target Cloud-init target.

Ubuntu 16.04.5 LTS ubuntu-xenial ttyS0

ubuntu-xenial login: 